// Jest Snapshot v1, https://jestjs.io/docs/snapshot-testing

exports[`renders homepage unchanged 1`] = `
<div>
  <div>
    <div
      class="w-full flex items-start justify-center xl:justify-start relative min-h-[100dvh] pb-20 sm:pb-32 md:pb-40 before:content-[''] before:absolute before:inset-0 before:bg-[url('../public/option2-copy.jpg')] before:bg-cover before:bg-center before:bg-fixed before:opacity-90 before:z-[-2] after:content-[''] after:absolute after:inset-0 after:bg-black/48 after:z-[-1]"
    >
      <div
        class="font-noto-sans 2xs:text-center xl:text-left text-shadow-lg/20 pb-16 2xs:landscape:pt-45 2xs:portrait:pt-50 lg:pt-56 xl:pl-24"
      >
        <div
          class="flex flex-col gap-4 font-light px-3"
        >
          <h1
            class="2xs:leading-12 md:leading-17 lg:leading-20 text-4xl md:text-5xl text-white lg:text-6xl tracking-wider "
          >
            WELCOME TO THE
          </h1>
          <h1
            class="text-4xl md:text-5xl md:pb-4 lg:text-6xl text-white tracking-wider "
          >
            WELCOME TO THE 
            <br />
            APOSTOLIC FAITH CHURCH
          </h1>
          <h1
            class="text-2xl pt-3 px-10 text-white md:text-3xl lg:text-4xl tracking-wider"
          >
            Sundays at 11:00 am & 5:00 pm
          </h2>
        </div>
        <div
          class="flex gap-8 2xs:justify-center xl:justify-start pt-5 items-center px-3"
        >
          <a
            href="/doctrines"
          >
            <button
              class="inline-flex shrink-0 items-center justify-center gap-2 rounded-md text-sm font-medium whitespace-nowrap transition-all outline-none focus-visible:border-ring focus-visible:ring-[3px] focus-visible:ring-ring/50 disabled:pointer-events-none disabled:opacity-50 aria-invalid:border-destructive aria-invalid:ring-destructive/20 dark:aria-invalid:ring-destructive/40 [&_svg]:pointer-events-none [&_svg]:shrink-0 [&_svg:not([class*='size-'])]:size-4 hover:bg-primary/90 h-9 px-4 py-2 has-[>svg]:px-3 border-white bg-white/70 hover:text-white text-zinc-900"
              data-size="default"
              data-slot="button"
              data-variant="default"
            >
              About Us
            </button>
          </a>
          <a
            href="https://www.youtube.com/@ApostolicFaithSacramento/streams"
          >
            <button
              class="inline-flex shrink-0 items-center justify-center gap-2 rounded-md text-sm font-medium whitespace-nowrap transition-all outline-none focus-visible:border-ring focus-visible:ring-[3px] focus-visible:ring-ring/50 disabled:pointer-events-none disabled:opacity-50 aria-invalid:border-destructive aria-invalid:ring-destructive/20 dark:aria-invalid:ring-destructive/40 [&_svg]:pointer-events-none [&_svg]:shrink-0 [&_svg:not([class*='size-'])]:size-4 hover:bg-primary/90 h-9 px-4 py-2 has-[>svg]:px-3 border-white bg-white/70 hover:text-white text-zinc-900"
              data-size="default"
              data-slot="button"
              data-variant="default"
            >
              Latest Sermon
            </button>
          </a>
          <a
            href="/donate"
          >
            <button
              class="inline-flex shrink-0 items-center justify-center gap-2 rounded-md text-sm font-medium whitespace-nowrap transition-all outline-none focus-visible:border-ring focus-visible:ring-[3px] focus-visible:ring-ring/50 disabled:pointer-events-none disabled:opacity-50 aria-invalid:border-destructive aria-invalid:ring-destructive/20 dark:aria-invalid:ring-destructive/40 [&_svg]:pointer-events-none [&_svg]:shrink-0 [&_svg:not([class*='size-'])]:size-4 h-9 px-4 py-2 has-[>svg]:px-3 border-white bg-green-600/80 hover:bg-green-700 text-white"
              data-size="default"
              data-slot="button"
              data-variant="default"
            >
              Donate
            </button>
          </a>
        </div>
        <div
          class="pt-10"
        >
          <div
            class="flex flex-col gap-3 justify-center text-center font-noto-sans xs:py-8 xs:px-5 text-white "
          >
            <p
              class="sm:text-xl md:text-2xl font-light"
            >
              The Apostolic Faith Church - Sacramento is part of a worldwide Christian organization, with headquarters in Portland, Oregon.
            </p>
          </div>
        </div>
      </div>
    </div>
  </div>
</div>
`;
